2026-10-08 00:53:37,367 Run log: /home/jake/Developer/Course_Academy/.local/question_capture-workers/linear/logs/run-1791446017366979364.log
2026-10-08 00:53:39,321 Resuming saved activity /home/jake/Developer/Course_Academy/reference/mathacademy/question-capture-workers/linear/14041396
2026-10-08 00:53:40,160 Waiting 2.2s (page navigation)
2026-10-08 00:53:44,682 Captured e-5884; KP sequence WCWCC
2026-10-08 00:53:44,709 Waiting 1.3s (advance to the next item)
2026-10-08 00:53:56,628 Waiting 2.2s (fill answer field selection)
2026-10-08 00:53:59,319 Waiting 1.4s (before submitting an answer) [11.1s budget, 9.6s solver time]
2026-10-08 00:54:10,767 q-33822: Incorrect, captured 1 fields
2026-10-08 00:54:10,793 Waiting 1.5s (advance to the next item)
2026-10-08 00:54:24,789 Waiting 1.4s (fill answer field selection)
2026-10-08 00:54:26,753 Waiting 0.0s (before submitting an answer) [9.4s budget, 11.5s solver time]
2026-10-08 00:54:27,737 q-33819: Correct, captured 1 fields
2026-10-08 00:54:27,768 Waiting 1.3s (advance to the next item)
2026-10-08 00:54:39,431 Waiting 1.1s (fill answer field selection)
2026-10-08 00:54:41,085 Waiting 1.4s (before submitting an answer) [10.8s budget, 9.4s solver time]
2026-10-08 00:54:55,060 q-33823: Incorrect, captured 1 fields
2026-10-08 00:54:55,079 Waiting 2.2s (advance to the next item)
2026-10-08 00:55:07,206 Waiting 2.2s (fill answer field selection)
2026-10-08 00:55:09,918 Waiting 0.0s (before submitting an answer) [8.7s budget, 8.9s solver time]
2026-10-08 00:55:10,939 q-70972: Correct, captured 1 fields
2026-10-08 00:55:10,971 Waiting 1.9s (advance to the next item)
2026-10-08 00:55:21,936 Waiting 1.4s (fill answer field selection)
2026-10-08 00:55:23,899 Waiting 3.3s (before submitting an answer) [11.3s budget, 8.0s solver time]
2026-10-08 00:55:28,256 q-33820: Correct, captured 1 fields
2026-10-08 00:55:28,288 Waiting 1.7s (advance to the next item)
2026-10-08 00:55:30,997 Captured e-4941; KP sequence CWCWC
2026-10-08 00:55:31,029 Waiting 2.2s (advance to the next item)
2026-10-08 00:55:48,658 Waiting 2.0s (fill answer field selection)
2026-10-08 00:55:51,202 Waiting 0.0s (before submitting an answer) [6.2s budget, 14.3s solver time]
2026-10-08 00:55:52,292 q-70977: Correct, captured 1 fields
2026-10-08 00:55:52,334 Waiting 1.0s (advance to the next item)
2026-10-08 00:56:05,903 Waiting 2.2s (fill answer field selection)
2026-10-08 00:56:08,664 Waiting 0.0s (before submitting an answer) [6.0s budget, 11.5s solver time]
2026-10-08 00:56:22,093 q-128501: Incorrect, captured 1 fields
2026-10-08 00:56:22,137 Waiting 2.1s (advance to the next item)
2026-10-08 00:56:37,375 Waiting 0.9s (fill answer field selection)
2026-10-08 00:56:38,764 Waiting 0.0s (before submitting an answer) [7.1s budget, 12.0s solver time]
2026-10-08 00:56:39,862 q-70978: Correct, captured 1 fields
2026-10-08 00:56:39,897 Waiting 2.2s (advance to the next item)
2026-10-08 00:56:52,587 Waiting 1.5s (fill answer field selection)
2026-10-08 00:56:54,665 Waiting 0.2s (before submitting an answer) [9.6s budget, 9.4s solver time]
2026-10-08 00:57:06,812 q-33066: Incorrect, captured 1 fields
2026-10-08 00:57:06,853 Waiting 1.3s (advance to the next item)
2026-10-08 00:57:22,034 Waiting 1.3s (fill answer field selection)
2026-10-08 00:57:23,864 Waiting 0.0s (before submitting an answer) [9.6s budget, 12.7s solver time]
2026-10-08 00:57:25,084 q-128536: Correct, captured 1 fields
2026-10-08 00:57:25,125 Waiting 2.0s (advance to the next item)
2026-10-08 00:57:27,860 Waiting 1.9s (advance to the next item)
2026-10-08 00:57:30,861 Captured e-4942; KP sequence CWCWC
2026-10-08 00:57:30,903 Waiting 1.2s (advance to the next item)
2026-10-08 00:57:45,159 Waiting 1.4s (fill answer field selection)
2026-10-08 00:57:47,096 Waiting 0.0s (before submitting an answer) [7.4s budget, 11.9s solver time]
2026-10-08 00:57:48,281 q-128761: Correct, captured 1 fields
2026-10-08 00:57:48,318 Waiting 1.4s (advance to the next item)
2026-10-08 00:58:02,616 Waiting 1.3s (fill answer field selection)
2026-10-08 00:58:04,412 Waiting 0.0s (before submitting an answer) [6.5s budget, 11.7s solver time]
2026-10-08 00:58:17,905 q-32988: Incorrect, captured 1 fields
2026-10-08 00:58:17,956 Waiting 0.9s (advance to the next item)
2026-10-08 00:58:39,976 Waiting 1.6s (fill answer field selection)
2026-10-08 00:58:42,076 Waiting 0.0s (before submitting an answer) [11.0s budget, 19.9s solver time]
2026-10-08 00:58:43,360 q-33160: Correct, captured 1 fields
2026-10-08 00:58:43,405 Waiting 2.0s (advance to the next item)
2026-10-08 00:58:57,106 Waiting 2.2s (fill answer field selection)
2026-10-08 00:58:59,858 Waiting 0.0s (before submitting an answer) [7.8s budget, 10.5s solver time]
2026-10-08 00:59:13,823 q-128745: Incorrect, captured 1 fields
2026-10-08 00:59:13,881 Waiting 1.8s (advance to the next item)
2026-10-08 00:59:28,659 Waiting 1.3s (fill answer field selection)
2026-10-08 00:59:30,563 Waiting 0.0s (before submitting an answer) [6.1s budget, 11.7s solver time]
2026-10-08 00:59:33,741 q-128760: Correct, captured 1 fields
2026-10-08 00:59:33,786 Waiting 1.7s (advance to the next item)
2026-10-08 00:59:36,372 Waiting 2.2s (finish lesson)
2026-10-08 00:59:40,057 Waiting 0.8s (page navigation)
2026-10-08 00:59:42,620 Waiting 0.8s (page navigation)
2026-10-08 00:59:45,297 Waiting 1.7s (page navigation)
2026-10-08 00:59:49,169 Waiting 2.3s (page navigation)
2026-10-08 00:59:53,357 Knowledge snapshot lesson-completed: 516 course rows, 4 changes
2026-10-08 00:59:53,360 Waiting 1.9s (page navigation)
2026-10-08 00:59:57,606 Waiting 2.1s (expand activity explanation)
2026-10-08 01:00:00,529 Waiting 1.0s (expand activity explanation)
2026-10-08 01:00:02,283 Waiting 0.9s (expand activity explanation)
2026-10-08 01:00:03,979 Waiting 1.0s (expand activity explanation)
2026-10-08 01:00:05,773 Waiting 1.7s (expand activity explanation)
2026-10-08 01:00:08,320 Waiting 1.4s (expand activity explanation)
2026-10-08 01:00:10,572 Waiting 1.0s (expand activity explanation)
2026-10-08 01:00:12,441 Waiting 2.2s (expand activity explanation)
2026-10-08 01:00:15,469 Waiting 1.3s (expand activity explanation)
2026-10-08 01:00:17,552 Waiting 1.0s (expand activity explanation)
2026-10-08 01:00:19,375 Waiting 1.9s (expand activity explanation)
2026-10-08 01:00:22,090 Waiting 1.6s (expand activity explanation)
2026-10-08 01:00:24,471 Waiting 1.7s (expand activity explanation)
2026-10-08 01:00:27,011 Waiting 1.7s (expand activity explanation)
2026-10-08 01:00:29,565 Waiting 1.8s (expand activity explanation)
2026-10-08 01:00:32,233 Waiting 2.3s (expand activity explanation)
2026-10-08 01:00:35,390 Waiting 0.8s (expand activity explanation)
2026-10-08 01:00:37,058 Waiting 2.2s (expand activity explanation)
2026-10-08 01:00:40,131 Waiting 0.9s (expand activity explanation)
2026-10-08 01:00:41,849 Waiting 2.0s (expand activity explanation)
2026-10-08 01:00:44,624 Waiting 2.2s (page navigation)
2026-10-08 01:01:07,247 Available queue after task 14041396: 5 activities
2026-10-08 01:01:07,247   1. lesson Dividing Complex Numbers (task 14037457, topic 227, priority 1.0) [in progress; saved recovery]
2026-10-08 01:01:07,247   2. lesson The Rational Roots Theorem (task 14038355, topic 757, priority 1.0)
2026-10-08 01:01:07,247   3. lesson Closure Properties of Polynomials (task 14040576, topic 942, priority 1.0)
2026-10-08 01:01:07,248   4. lesson Partitioned and Block Matrices (task 14041065, topic 1735, priority 1.0)
2026-10-08 01:01:07,248   5. lesson Describing Planar Regions Using Set-Builder Notation (task 14041529, topic 4392, priority 1260.1332034993354)
{
  "run_directory": "/home/jake/Developer/Course_Academy/reference/mathacademy/question-capture-workers/linear/14041396",
  "database": {
    "committed": true,
    "basis_before": 1506,
    "basis_after": 1507,
    "content_sha256": "9a4483844225179f209a9a0310d518c3429234e24840219537a98c2335f277aa",
    "question_count": 24,
    "verification_method": "committed_transaction_and_content",
    "learner_and_engine_facts_unchanged": true,
    "reimport_is_noop": true,
    "imported_question_ids": [
      "q-33133",
      "q-70969",
      "q-128467",
      "q-70970",
      "q-128463",
      "q-33822",
      "q-33819",
      "q-33823",
      "q-70972",
      "q-33820",
      "q-70977",
      "q-128501",
      "q-70978",
      "q-33066",
      "q-128536",
      "q-128761",
      "q-32988",
      "q-33160",
      "q-128745",
      "q-128760",
      "e-4940",
      "e-5884",
      "e-4941",
      "e-4942"
    ],
    "new_question_ids": [
      "q-128463",
      "q-128467",
      "q-128501",
      "q-128536",
      "q-128745",
      "q-128760",
      "q-128761",
      "q-33133",
      "q-33160",
      "q-33819",
      "q-33820",
      "q-33822",
      "q-33823",
      "q-70969",
      "q-70970",
      "q-70972",
      "q-70977",
      "q-70978"
    ],
    "new_question_count": 18
  }
}
