2026-10-08 01:11:49,832 Run log: /home/jake/Developer/Course_Academy/.local/question_capture-workers/multivariable/logs/run-1791447109832383429.log
2026-10-08 01:11:51,837 Resuming saved activity /home/jake/Developer/Course_Academy/reference/mathacademy/question-capture-workers/multivariable/14041466
2026-10-08 01:11:52,650 Waiting 2.5s (page navigation)
2026-10-08 01:11:56,880 Waiting 1.3s (fill answer field field-1)
2026-10-08 01:12:02,057 Waiting 0.0s (before submitting an answer) [9.0s budget, 10.1s solver time]
2026-10-08 01:12:12,655 q-355578: Incorrect, captured 1 fields
2026-10-08 01:12:12,675 Waiting 2.2s (advance to the next item)
2026-10-08 01:12:25,269 Waiting 1.3s (fill answer field selection)
2026-10-08 01:12:27,106 Waiting 0.4s (before submitting an answer) [9.9s budget, 9.5s solver time]
2026-10-08 01:12:28,444 q-14312: Correct, captured 1 fields
2026-10-08 01:12:28,464 Waiting 1.7s (advance to the next item)
2026-10-08 01:12:31,222 Captured e-541; KP sequence CWCWC
2026-10-08 01:12:31,243 Waiting 1.4s (advance to the next item)
2026-10-08 01:12:42,960 Waiting 1.6s (fill answer field selection)
2026-10-08 01:12:45,122 Waiting 2.2s (before submitting an answer) [11.6s budget, 9.4s solver time]
2026-10-08 01:12:48,285 q-104065: Correct, captured 1 fields
2026-10-08 01:12:48,304 Waiting 1.6s (advance to the next item)
2026-10-08 01:12:59,577 Waiting 0.9s (fill answer field selection)
2026-10-08 01:13:01,057 Waiting 1.5s (before submitting an answer) [10.2s budget, 8.7s solver time]
2026-10-08 01:13:12,983 q-79373: Incorrect, captured 1 fields
2026-10-08 01:13:13,011 Waiting 1.8s (advance to the next item)
2026-10-08 01:13:24,677 Waiting 2.2s (fill answer field selection)
2026-10-08 01:13:27,454 Waiting 1.8s (before submitting an answer) [10.7s budget, 8.9s solver time]
2026-10-08 01:13:30,173 q-79371: Correct, captured 1 fields
2026-10-08 01:13:30,200 Waiting 1.4s (advance to the next item)
2026-10-08 01:13:42,884 Waiting 2.2s (fill answer field selection)
2026-10-08 01:13:45,603 Waiting 0.0s (before submitting an answer) [9.4s budget, 10.3s solver time]
2026-10-08 01:13:55,894 q-104059: Incorrect, captured 1 fields
2026-10-08 01:13:55,919 Waiting 2.1s (advance to the next item)
2026-10-08 01:14:11,209 Waiting 2.2s (fill answer field field-1)
2026-10-08 01:14:19,060 Waiting 0.0s (before submitting an answer) [7.6s budget, 12.2s solver time]
2026-10-08 01:14:21,974 q-355577: Correct, captured 1 fields
2026-10-08 01:14:22,004 Waiting 1.4s (advance to the next item)
2026-10-08 01:14:24,192 Waiting 1.7s (finish lesson)
2026-10-08 01:14:27,438 Waiting 1.9s (page navigation)
2026-10-08 01:14:31,245 Waiting 1.5s (page navigation)
2026-10-08 01:14:34,588 Waiting 2.4s (page navigation)
2026-10-08 01:14:38,873 Waiting 1.1s (page navigation)
2026-10-08 01:14:41,913 Knowledge snapshot lesson-completed: 528 course rows, 8 changes
2026-10-08 01:14:41,916 Waiting 2.1s (page navigation)
2026-10-08 01:14:46,146 Waiting 2.2s (expand activity explanation)
2026-10-08 01:14:49,129 Waiting 1.6s (expand activity explanation)
2026-10-08 01:14:51,528 Waiting 1.8s (expand activity explanation)
2026-10-08 01:14:54,168 Waiting 0.8s (expand activity explanation)
2026-10-08 01:14:55,798 Waiting 1.1s (expand activity explanation)
2026-10-08 01:14:57,711 Waiting 1.5s (expand activity explanation)
2026-10-08 01:15:00,070 Waiting 1.1s (expand activity explanation)
2026-10-08 01:15:01,987 Waiting 2.3s (expand activity explanation)
2026-10-08 01:15:05,052 Waiting 1.6s (expand activity explanation)
2026-10-08 01:15:07,514 Waiting 1.3s (expand activity explanation)
2026-10-08 01:15:09,667 Waiting 1.9s (page navigation)
2026-10-08 01:15:31,849 Available queue after task 14041466: 5 activities
2026-10-08 01:15:31,850   1. lesson Calculating Probabilities With Continuous Random Variables (task 14040290, topic 4043, priority 1.0)
2026-10-08 01:15:31,850   2. lesson Moments and Centers of Mass of Thin Rods (task 14040800, topic 4167, priority 1.0)
2026-10-08 01:15:31,850   3. lesson Calculating the Displacement of a Particle Using Integration (task 14041143, topic 3576, priority 1.0)
2026-10-08 01:15:31,850   4. lesson Calculating Displacement for Plane Motion (task 14041674, topic 3767, priority 1.0)
2026-10-08 01:15:31,850   5. lesson Open and Closed Sets (task 14041801, topic 4097, priority 1260.1683146561195)
{
  "run_directory": "/home/jake/Developer/Course_Academy/reference/mathacademy/question-capture-workers/multivariable/14041466",
  "database": {
    "committed": true,
    "basis_before": 1514,
    "basis_after": 1515,
    "content_sha256": "66acd47aeb64add237858df05e04b6a22f32dda6c69b0920dd6a44b432f72d3a",
    "question_count": 12,
    "verification_method": "committed_transaction_and_content",
    "learner_and_engine_facts_unchanged": true,
    "reimport_is_noop": true,
    "imported_question_ids": [
      "q-104055",
      "q-355528",
      "q-355562",
      "q-355578",
      "q-14312",
      "q-104065",
      "q-79373",
      "q-79371",
      "q-104059",
      "q-355577",
      "e-540",
      "e-541"
    ],
    "new_question_ids": [
      "q-104065",
      "q-14312",
      "q-355562",
      "q-355578",
      "q-79373"
    ],
    "new_question_count": 5
  }
}
