2026-10-07 21:57:53,594 Run log: /home/jake/Developer/Course_Academy/.local/question_capture-workers/differential/logs/run-1791435473594322114.log
2026-10-07 21:57:55,136 Resuming saved activity /home/jake/Developer/Course_Academy/reference/mathacademy/question-capture-workers/differential/14039776
2026-10-07 21:57:55,675 Waiting 1.3s (page navigation)
2026-10-07 21:57:58,974 Reusing completed solver answer for q-128452/solve
2026-10-07 21:57:59,123 Waiting 2.0s (fill answer field selection)
2026-10-07 21:58:01,696 Waiting 10.4s (before submitting an answer) [10.4s budget, 0.0s solver time]
2026-10-07 21:58:13,110 q-128452: Correct, captured 1 fields
2026-10-07 21:58:13,136 Waiting 2.2s (advance to the next item)
2026-10-07 21:58:24,513 Waiting 1.0s (fill answer field selection)
2026-10-07 21:58:26,073 Waiting 2.8s (before submitting an answer) [11.0s budget, 8.2s solver time]
2026-10-07 21:58:38,554 q-127998: Incorrect, captured 1 fields
2026-10-07 21:58:38,581 Waiting 2.3s (advance to the next item)
2026-10-07 21:58:50,807 Waiting 1.7s (fill answer field selection)
2026-10-07 21:58:53,054 Waiting 0.0s (before submitting an answer) [8.3s budget, 9.0s solver time]
2026-10-07 21:58:54,078 q-32503: Correct, captured 1 fields
2026-10-07 21:58:54,106 Waiting 1.4s (advance to the next item)
2026-10-07 21:58:56,498 Captured e-2478; KP sequence WCWCC
2026-10-07 21:58:56,517 Waiting 1.7s (advance to the next item)
2026-10-07 21:59:07,750 Waiting 1.0s (fill answer field selection)
2026-10-07 21:59:09,253 Waiting 0.0s (before submitting an answer) [7.6s budget, 8.5s solver time]
2026-10-07 21:59:18,808 q-71230: Incorrect, captured 1 fields
2026-10-07 21:59:18,841 Waiting 1.5s (advance to the next item)
2026-10-07 21:59:29,747 Waiting 2.1s (fill answer field selection)
2026-10-07 21:59:32,353 Waiting 0.0s (before submitting an answer) [7.6s budget, 8.4s solver time]
2026-10-07 21:59:33,411 q-128477: Correct, captured 1 fields
2026-10-07 21:59:33,446 Waiting 1.1s (advance to the next item)
2026-10-07 21:59:48,755 Waiting 1.6s (fill answer field selection)
2026-10-07 21:59:50,904 Waiting 0.0s (before submitting an answer) [11.5s budget, 13.1s solver time]
2026-10-07 22:00:00,864 q-71227: Incorrect, captured 1 fields
2026-10-07 22:00:00,901 Waiting 1.8s (advance to the next item)
2026-10-07 22:00:12,071 Waiting 0.8s (fill answer field selection)
2026-10-07 22:00:13,454 Waiting 0.0s (before submitting an answer) [7.9s budget, 8.2s solver time]
2026-10-07 22:00:14,629 q-71225: Correct, captured 1 fields
2026-10-07 22:00:14,667 Waiting 1.6s (advance to the next item)
2026-10-07 22:00:26,529 Waiting 1.7s (fill answer field selection)
2026-10-07 22:00:28,736 Waiting 0.0s (before submitting an answer) [5.6s budget, 8.9s solver time]
2026-10-07 22:00:29,925 q-70685: Correct, captured 1 fields
2026-10-07 22:00:29,966 Waiting 1.1s (advance to the next item)
2026-10-07 22:00:31,832 Waiting 1.9s (advance to the next item)
2026-10-07 22:00:34,755 Captured e-2479; KP sequence CWCWC
2026-10-07 22:00:34,795 Waiting 1.7s (advance to the next item)
2026-10-07 22:00:48,942 Waiting 1.0s (fill answer field selection)
2026-10-07 22:00:50,521 Waiting 0.0s (before submitting an answer) [6.7s budget, 11.3s solver time]
2026-10-07 22:00:51,777 q-32498: Correct, captured 1 fields
2026-10-07 22:00:51,829 Waiting 1.7s (advance to the next item)
2026-10-07 22:01:03,607 Waiting 2.1s (fill answer field selection)
2026-10-07 22:01:06,204 Waiting 0.0s (before submitting an answer) [5.1s budget, 9.0s solver time]
2026-10-07 22:01:16,229 q-33260: Incorrect, captured 1 fields
2026-10-07 22:01:16,270 Waiting 1.3s (advance to the next item)
2026-10-07 22:01:26,262 Waiting 2.5s (fill answer field selection)
2026-10-07 22:01:29,302 Waiting 3.4s (before submitting an answer) [11.0s budget, 7.6s solver time]
2026-10-07 22:01:33,977 q-32869: Correct, captured 1 fields
2026-10-07 22:01:34,034 Waiting 1.3s (advance to the next item)
2026-10-07 22:01:45,609 Waiting 1.1s (fill answer field selection)
2026-10-07 22:01:47,233 Waiting 0.0s (before submitting an answer) [9.1s budget, 9.2s solver time]
2026-10-07 22:01:57,813 q-128570: Incorrect, captured 1 fields
2026-10-07 22:01:57,860 Waiting 1.9s (advance to the next item)
2026-10-07 22:02:10,631 Waiting 2.1s (fill answer field selection)
2026-10-07 22:02:13,301 Waiting 1.1s (before submitting an answer) [10.3s budget, 9.2s solver time]
2026-10-07 22:02:15,790 q-32860: Correct, captured 1 fields
2026-10-07 22:02:15,838 Waiting 2.1s (advance to the next item)
2026-10-07 22:02:18,708 Waiting 2.2s (advance to the next item)
2026-10-07 22:02:22,375 Captured e-2480; KP sequence CWCWC
2026-10-07 22:02:22,426 Waiting 2.3s (advance to the next item)
2026-10-07 22:02:34,921 Waiting 2.2s (fill answer field selection)
2026-10-07 22:02:37,666 Waiting 2.2s (before submitting an answer) [11.2s budget, 9.0s solver time]
2026-10-07 22:02:41,245 q-128587: Correct, captured 1 fields
2026-10-07 22:02:41,280 Waiting 1.2s (advance to the next item)
2026-10-07 22:02:51,591 Waiting 2.2s (fill answer field selection)
2026-10-07 22:02:54,316 Waiting 1.1s (before submitting an answer) [9.0s budget, 7.9s solver time]
2026-10-07 22:03:05,328 q-32298: Incorrect, captured 1 fields
2026-10-07 22:03:05,381 Waiting 1.1s (advance to the next item)
2026-10-07 22:03:15,957 Waiting 0.9s (fill answer field selection)
2026-10-07 22:03:17,414 Waiting 0.9s (before submitting an answer) [9.1s budget, 8.3s solver time]
2026-10-07 22:03:19,679 q-128586: Correct, captured 1 fields
2026-10-07 22:03:19,727 Waiting 1.0s (advance to the next item)
2026-10-07 22:03:30,899 Waiting 1.5s (fill answer field selection)
2026-10-07 22:03:32,919 Waiting 2.5s (before submitting an answer) [11.4s budget, 8.9s solver time]
2026-10-07 22:03:46,486 q-128896: Incorrect, captured 1 fields
2026-10-07 22:03:46,545 Waiting 2.2s (advance to the next item)
2026-10-07 22:03:58,767 Waiting 1.8s (fill answer field selection)
2026-10-07 22:04:01,146 Waiting 0.0s (before submitting an answer) [8.5s budget, 8.7s solver time]
2026-10-07 22:04:04,627 q-32837: Correct, captured 1 fields
2026-10-07 22:04:04,684 Waiting 1.9s (advance to the next item)
2026-10-07 22:04:07,598 Waiting 2.2s (finish lesson)
2026-10-07 22:04:11,393 Waiting 2.0s (page navigation)
2026-10-07 22:04:15,189 Waiting 2.4s (page navigation)
2026-10-07 22:04:19,431 Waiting 2.2s (page navigation)
2026-10-07 22:04:23,540 Waiting 1.8s (page navigation)
2026-10-07 22:04:27,242 Knowledge snapshot lesson-completed: 527 course rows, 8 changes
2026-10-07 22:04:27,245 Waiting 0.8s (page navigation)
2026-10-07 22:04:30,683 Waiting 0.9s (expand activity explanation)
2026-10-07 22:04:32,517 Waiting 1.8s (expand activity explanation)
2026-10-07 22:04:35,183 Waiting 1.0s (expand activity explanation)
2026-10-07 22:04:37,027 Waiting 1.1s (expand activity explanation)
2026-10-07 22:04:38,944 Waiting 2.0s (expand activity explanation)
2026-10-07 22:04:41,788 Waiting 2.0s (expand activity explanation)
2026-10-07 22:04:44,740 Waiting 1.6s (expand activity explanation)
2026-10-07 22:04:47,191 Waiting 1.7s (expand activity explanation)
2026-10-07 22:04:49,804 Waiting 1.5s (expand activity explanation)
2026-10-07 22:04:52,158 Waiting 2.0s (expand activity explanation)
2026-10-07 22:04:55,016 Waiting 0.9s (expand activity explanation)
2026-10-07 22:04:56,730 Waiting 2.4s (expand activity explanation)
2026-10-07 22:05:00,033 Waiting 1.8s (expand activity explanation)
2026-10-07 22:05:02,751 Waiting 1.7s (expand activity explanation)
2026-10-07 22:05:05,288 Waiting 2.2s (expand activity explanation)
2026-10-07 22:05:08,457 Waiting 2.5s (expand activity explanation)
2026-10-07 22:05:11,843 Waiting 1.0s (expand activity explanation)
2026-10-07 22:05:13,754 Waiting 2.0s (expand activity explanation)
2026-10-07 22:05:16,607 Waiting 2.4s (expand activity explanation)
2026-10-07 22:05:20,025 Waiting 0.8s (expand activity explanation)
2026-10-07 22:05:21,792 Waiting 1.7s (page navigation)
2026-10-07 22:05:38,898 Available queue after task 14039776: 5 activities
2026-10-07 22:05:38,898   1. lesson Slope Fields for Directly Integrable Differential Equations (task 14040080, topic 3276, priority 801.2631578947369) [in progress; saved recovery]
2026-10-07 22:05:38,898   2. lesson Linear Differential Operators (task 14037933, topic 6707, priority 1.0)
2026-10-07 22:05:38,898   3. lesson Solving First-Order Linear ODEs With Sinusoidal Forcing (task 14039310, topic 6680, priority 1.0)
2026-10-07 22:05:38,898   4. lesson Equilibrium Solutions of First-Order ODEs (task 14040030, topic 3184, priority 1.0)
2026-10-07 22:05:38,898   5. lesson Euler's Method: Calculating Multiple Steps (task 14040117, topic 3668, priority 1.0)
{
  "run_directory": "/home/jake/Developer/Course_Academy/reference/mathacademy/question-capture-workers/differential/14039776",
  "database": {
    "committed": true,
    "basis_before": 1409,
    "basis_after": 1410,
    "content_sha256": "353bcc3dca4cf53e13a888f5d6c6a504ad54f0e70b4dbc236d7d08098c294d20",
    "question_count": 24,
    "verification_method": "committed_transaction_and_content",
    "learner_and_engine_facts_unchanged": true,
    "reimport_is_noop": true,
    "imported_question_ids": [
      "q-128458",
      "q-70681",
      "q-128452",
      "q-127998",
      "q-32503",
      "q-71230",
      "q-128477",
      "q-71227",
      "q-71225",
      "q-70685",
      "q-32498",
      "q-33260",
      "q-32869",
      "q-128570",
      "q-32860",
      "q-128587",
      "q-32298",
      "q-128586",
      "q-128896",
      "q-32837",
      "e-2477",
      "e-2478",
      "e-2479",
      "e-2480"
    ],
    "new_question_ids": [
      "q-127998",
      "q-128452",
      "q-128458",
      "q-128477",
      "q-128570",
      "q-128586",
      "q-128587",
      "q-128896",
      "q-32503",
      "q-32837",
      "q-32860",
      "q-32869",
      "q-33260",
      "q-70681",
      "q-70685",
      "q-71225",
      "q-71227",
      "q-71230"
    ],
    "new_question_count": 18
  }
}
