2026-10-08 03:35:52,188 Run log: /home/jake/Developer/Course_Academy/.local/question_capture-workers/differential/logs/run-1791455752188695192.log
2026-10-08 03:35:54,636 Resuming saved activity /home/jake/Developer/Course_Academy/reference/mathacademy/question-capture-workers/differential/14042893
2026-10-08 03:35:54,909 Waiting 1.6s (page navigation)
2026-10-08 03:35:58,974 Waiting 0.9s (fill answer field field-1)
2026-10-08 03:36:01,593 Waiting 0.6s (before submitting a proof stage) [9.9s budget, 9.3s solver time]
2026-10-08 03:36:14,119 Waiting 2.4s (fill answer field field-2)
2026-10-08 03:36:18,201 Waiting 1.7s (fill answer field field-3)
2026-10-08 03:36:21,553 Waiting 0.9s (fill answer field field-4)
2026-10-08 03:36:24,184 Waiting 0.0s (before submitting a proof stage) [10.2s budget, 10.8s solver time]
2026-10-08 03:36:39,084 Waiting 1.4s (fill answer field field-5)
2026-10-08 03:36:42,267 Waiting 0.0s (before submitting a proof stage) [6.3s budget, 13.7s solver time]
2026-10-08 03:36:56,925 Waiting 2.1s (fill answer field field-6)
2026-10-08 03:37:00,740 Waiting 0.0s (before submitting a proof stage) [10.6s budget, 13.5s solver time]
2026-10-08 03:37:02,503 q-340719 graded Partial Credit instead of Incorrect; retaining the actual result and continuing
2026-10-08 03:37:16,750 q-340719: Partial Credit, captured 6 proof fields across 5 stages
2026-10-08 03:37:16,801 Waiting 1.5s (advance to the next item)
2026-10-08 03:37:19,071 Waiting 1.2s (advance to the next item)
2026-10-08 03:37:21,073 Waiting 1.9s (advance to the next item)
2026-10-08 03:37:24,567 Captured e-21599; KP sequence CWCWC
2026-10-08 03:37:24,613 Waiting 1.9s (advance to the next item)
2026-10-08 03:37:37,372 Waiting 2.0s (fill answer field field-1)
2026-10-08 03:37:41,182 Waiting 0.4s (before submitting a proof stage) [10.0s budget, 9.5s solver time]
2026-10-08 03:37:52,868 Waiting 2.5s (fill answer field field-2)
2026-10-08 03:37:57,085 Waiting 1.3s (fill answer field field-3)
2026-10-08 03:38:00,103 Waiting 0.0s (before submitting a proof stage) [9.1s budget, 10.0s solver time]
2026-10-08 03:38:13,091 Waiting 1.5s (fill answer field field-4)
2026-10-08 03:38:16,383 Waiting 0.0s (before submitting a proof stage) [9.8s budget, 11.7s solver time]
2026-10-08 03:38:30,136 Waiting 1.6s (fill answer field field-5)
2026-10-08 03:38:33,464 Waiting 0.0s (before submitting a proof stage) [11.4s budget, 12.4s solver time]
2026-10-08 03:38:35,283 q-340724: Correct, captured 5 proof fields across 4 stages
2026-10-08 03:38:35,333 Waiting 0.9s (advance to the next item)
2026-10-08 03:38:48,894 Waiting 1.1s (fill answer field field-1)
2026-10-08 03:38:51,826 Waiting 1.0s (before submitting a proof stage) [12.0s budget, 11.0s solver time]
2026-10-08 03:38:54,067 Waiting 2.2s (fill answer field field-1)
2026-10-08 03:38:57,987 Waiting 0.2s (before submitting a proof stage) [11.3s budget, 11.0s solver time]
2026-10-08 03:39:10,722 Waiting 1.0s (fill answer field field-2)
2026-10-08 03:39:13,525 Waiting 1.4s (fill answer field field-3)
2026-10-08 03:39:16,696 Waiting 0.0s (before submitting a proof stage) [5.6s budget, 11.2s solver time]
2026-10-08 03:39:31,054 Waiting 1.0s (fill answer field field-4)
2026-10-08 03:39:33,890 Waiting 0.0s (before submitting a proof stage) [11.1s budget, 13.0s solver time]
2026-10-08 03:39:48,569 Waiting 1.0s (fill answer field field-5)
2026-10-08 03:39:51,448 Waiting 0.0s (before submitting a proof stage) [9.0s budget, 13.3s solver time]
2026-10-08 03:39:53,430 q-340731 graded Partial Credit instead of Incorrect; retaining the actual result and continuing
2026-10-08 03:40:08,768 q-340731: Partial Credit, captured 5 proof fields across 5 stages
2026-10-08 03:40:08,828 Waiting 2.2s (advance to the next item)
2026-10-08 03:40:11,972 Waiting 0.9s (advance to the next item)
2026-10-08 03:40:14,722 Captured e-21602; KP sequence WCWCC
2026-10-08 03:40:14,792 Waiting 1.8s (advance to the next item)
2026-10-08 03:40:28,276 Waiting 1.8s (fill answer field field-1)
2026-10-08 03:40:31,853 Waiting 1.1s (fill answer field field-2)
2026-10-08 03:40:34,737 Waiting 0.0s (before submitting an answer) [6.6s budget, 10.3s solver time]
2026-10-08 03:40:47,312 q-340750: Incorrect, captured 2 fields
2026-10-08 03:40:47,386 Waiting 1.8s (advance to the next item)
2026-10-08 03:41:00,039 Waiting 1.2s (fill answer field field-1)
2026-10-08 03:41:03,011 Waiting 1.4s (fill answer field field-2)
2026-10-08 03:41:06,177 Waiting 0.0s (before submitting an answer) [6.7s budget, 9.4s solver time]
2026-10-08 03:41:07,817 q-340736: Correct, captured 2 fields
2026-10-08 03:41:07,884 Waiting 1.2s (advance to the next item)
2026-10-08 03:41:21,485 Waiting 1.8s (fill answer field field-1)
2026-10-08 03:41:25,122 Waiting 2.2s (fill answer field field-2)
2026-10-08 03:41:29,119 Waiting 0.0s (before submitting an answer) [6.4s budget, 11.0s solver time]
2026-10-08 03:41:40,699 q-340737: Incorrect, captured 2 fields
2026-10-08 03:41:40,778 Waiting 2.1s (advance to the next item)
2026-10-08 03:41:55,523 Waiting 2.0s (fill answer field field-1)
2026-10-08 03:41:59,323 Waiting 0.9s (fill answer field field-2)
2026-10-08 03:42:02,058 Waiting 0.0s (before submitting an answer) [5.3s budget, 11.1s solver time]
2026-10-08 03:42:03,646 q-340748: Correct, captured 2 fields
2026-10-08 03:42:03,719 Waiting 1.3s (advance to the next item)
2026-10-08 03:42:16,025 Waiting 2.3s (fill answer field field-1)
2026-10-08 03:42:20,171 Waiting 1.3s (fill answer field field-2)
2026-10-08 03:42:23,352 Waiting 0.0s (before submitting an answer) [7.3s budget, 9.4s solver time]
2026-10-08 03:42:27,152 q-340739: Correct, captured 2 fields
2026-10-08 03:42:27,224 Waiting 2.0s (advance to the next item)
2026-10-08 03:42:30,268 Waiting 1.0s (advance to the next item)
2026-10-08 03:42:32,266 Waiting 2.5s (advance to the next item)
2026-10-08 03:42:35,892 Waiting 2.4s (finish lesson)
2026-10-08 03:42:39,817 Waiting 1.7s (page navigation)
2026-10-08 03:42:43,449 Waiting 1.2s (page navigation)
2026-10-08 03:42:46,512 Waiting 2.4s (page navigation)
2026-10-08 03:42:50,764 Waiting 2.4s (page navigation)
2026-10-08 03:42:55,194 Knowledge snapshot lesson-completed: 527 course rows, 5 changes
2026-10-08 03:42:55,196 Waiting 1.2s (page navigation)
2026-10-08 03:43:00,685 Waiting 1.4s (expand activity explanation)
2026-10-08 03:43:03,863 Waiting 0.9s (expand activity explanation)
2026-10-08 03:43:06,531 Waiting 2.0s (expand activity explanation)
2026-10-08 03:43:10,276 Waiting 2.3s (expand activity explanation)
2026-10-08 03:43:14,247 Waiting 1.0s (expand activity explanation)
2026-10-08 03:43:16,992 Waiting 2.4s (expand activity explanation)
2026-10-08 03:43:21,041 Waiting 1.6s (expand activity explanation)
2026-10-08 03:43:24,441 Waiting 1.3s (expand activity explanation)
2026-10-08 03:43:27,889 Waiting 1.3s (expand activity explanation)
2026-10-08 03:43:31,246 Waiting 1.4s (page navigation)
2026-10-08 03:43:42,053 Available queue after task 14042893: 5 activities
2026-10-08 03:43:42,053   1. lesson Evaluating Definite Integrals Using Symmetry (task 14041046, topic 2975, priority 1.0) [in progress; saved recovery]
2026-10-08 03:43:42,053   2. lesson Linear Differential Operators (task 14037933, topic 6707, priority 1.0)
2026-10-08 03:43:42,053   3. lesson Differentiating Under the Integral Sign (task 14042732, topic 6682, priority 1.0)
2026-10-08 03:43:42,053   4. lesson Logistic Growth Models With First-Order ODEs (task 14043005, topic 1163, priority 1.0)
2026-10-08 03:43:42,053   5. lesson Solving First-Order Linear ODEs Using Integrating Factors (task 14043121, topic 877, priority 1017.8306010928961)
{
  "run_directory": "/home/jake/Developer/Course_Academy/reference/mathacademy/question-capture-workers/differential/14042893",
  "database": {
    "committed": true,
    "basis_before": 1596,
    "basis_after": 1597,
    "content_sha256": "03a046ce257e7ec4ce0d9ec82193023064db885700bca2c3da9c5aa892e3e019",
    "question_count": 12,
    "verification_method": "committed_transaction_and_content",
    "learner_and_engine_facts_unchanged": true,
    "reimport_is_noop": true,
    "imported_question_ids": [
      "q-340712",
      "q-340719",
      "q-340724",
      "q-340731",
      "q-340750",
      "q-340736",
      "q-340737",
      "q-340748",
      "q-340739",
      "e-21598",
      "e-21599",
      "e-21602"
    ],
    "new_question_ids": [
      "q-340712",
      "q-340719",
      "q-340724",
      "q-340731",
      "q-340736",
      "q-340737",
      "q-340739",
      "q-340748",
      "q-340750"
    ],
    "new_question_count": 9
  }
}
