2026-10-08 00:51:55,762 Run log: /home/jake/Developer/Course_Academy/.local/question_capture-workers/differential/logs/run-1791445915762085092.log
2026-10-08 00:51:57,736 Resuming saved activity /home/jake/Developer/Course_Academy/reference/mathacademy/question-capture-workers/differential/14040950
2026-10-08 00:51:58,558 Waiting 2.4s (page navigation)
2026-10-08 00:52:05,933 Captured e-21715; KP sequence CWCWC
2026-10-08 00:52:05,988 Waiting 1.6s (advance to the next item)
2026-10-08 00:52:23,077 Waiting 1.8s (fill answer field field-1)
2026-10-08 00:52:26,073 Waiting 2.5s (fill answer field field-2)
2026-10-08 00:52:29,829 Waiting 1.6s (fill answer field field-3)
2026-10-08 00:52:32,696 Waiting 1.6s (fill answer field field-4)
2026-10-08 00:52:35,623 Waiting 1.1s (fill answer field field-5)
2026-10-08 00:52:37,977 Waiting 0.0s (before submitting an answer) [10.4s budget, 13.8s solver time]
2026-10-08 00:52:39,360 q-335462: Correct, captured 5 fields
2026-10-08 00:52:39,408 Waiting 1.2s (advance to the next item)
2026-10-08 00:52:55,031 Waiting 1.7s (fill answer field field-1)
2026-10-08 00:52:58,009 Waiting 1.3s (fill answer field field-2)
2026-10-08 00:53:00,572 Waiting 1.5s (fill answer field field-3)
2026-10-08 00:53:03,266 Waiting 2.1s (fill answer field field-4)
2026-10-08 00:53:06,604 Waiting 2.1s (fill answer field field-5)
2026-10-08 00:53:09,957 Waiting 0.0s (before submitting an answer) [8.1s budget, 12.9s solver time]
2026-10-08 00:53:25,762 q-335445: Incorrect, captured 5 fields
2026-10-08 00:53:25,819 Waiting 1.2s (advance to the next item)
2026-10-08 00:53:41,704 Waiting 2.0s (fill answer field field-1)
2026-10-08 00:53:44,971 Waiting 1.5s (fill answer field field-2)
2026-10-08 00:53:47,701 Waiting 1.9s (fill answer field field-3)
2026-10-08 00:53:50,831 Waiting 2.5s (fill answer field field-4)
2026-10-08 00:53:54,553 Waiting 1.5s (fill answer field field-5)
2026-10-08 00:53:57,397 Waiting 0.0s (before submitting an answer) [8.7s budget, 13.2s solver time]
2026-10-08 00:53:58,873 q-335071: Correct, captured 5 fields
2026-10-08 00:53:58,939 Waiting 2.2s (advance to the next item)
2026-10-08 00:54:17,223 Waiting 1.7s (fill answer field field-1)
2026-10-08 00:54:20,211 Waiting 1.4s (fill answer field field-2)
2026-10-08 00:54:22,937 Waiting 2.2s (fill answer field field-3)
2026-10-08 00:54:26,394 Waiting 1.3s (fill answer field field-4)
2026-10-08 00:54:28,936 Waiting 1.6s (fill answer field field-5)
2026-10-08 00:54:31,802 Waiting 0.0s (before submitting an answer) [6.9s budget, 14.6s solver time]
2026-10-08 00:54:49,228 q-335438: Incorrect, captured 5 fields
2026-10-08 00:54:49,293 Waiting 1.0s (advance to the next item)
2026-10-08 00:55:07,479 Waiting 1.1s (fill answer field field-1)
2026-10-08 00:55:09,807 Waiting 2.2s (fill answer field field-2)
2026-10-08 00:55:13,294 Waiting 1.3s (fill answer field field-3)
2026-10-08 00:55:15,930 Waiting 2.1s (fill answer field field-4)
2026-10-08 00:55:19,275 Waiting 2.1s (fill answer field field-5)
2026-10-08 00:55:22,648 Waiting 0.0s (before submitting an answer) [11.8s budget, 15.6s solver time]
2026-10-08 00:55:26,109 q-335474: Correct, captured 5 fields
2026-10-08 00:55:26,169 Waiting 1.3s (advance to the next item)
2026-10-08 00:55:28,436 Waiting 1.0s (finish lesson)
2026-10-08 00:55:31,233 Waiting 2.0s (page navigation)
2026-10-08 00:55:34,968 Waiting 1.1s (page navigation)
2026-10-08 00:55:38,000 Waiting 1.0s (page navigation)
2026-10-08 00:55:40,849 Waiting 1.4s (page navigation)
2026-10-08 00:55:44,165 Knowledge snapshot lesson-completed: 527 course rows, 5 changes
2026-10-08 00:55:44,167 Waiting 2.0s (page navigation)
2026-10-08 00:55:50,348 ValueError during history: Activity grade contradicts captured live result: q-334055; diagnostics: /home/jake/Developer/Course_Academy/reference/mathacademy/question-capture-workers/differential/14040950/diagnostics/1791446149922213638
2026-10-08 00:55:50,348 Saved task 14040950 for automatic recovery; continuing with available activities: /home/jake/Developer/Course_Academy/reference/mathacademy/question-capture-workers/differential/14040950
2026-10-08 00:57:53,398 Run log: /home/jake/Developer/Course_Academy/.local/question_capture-workers/differential/logs/run-1791446273397982237.log
2026-10-08 00:57:55,390 Resuming saved activity /home/jake/Developer/Course_Academy/reference/mathacademy/question-capture-workers/differential/14040950
2026-10-08 00:57:56,246 Waiting 1.0s (page navigation)
2026-10-08 00:58:01,680 Waiting 2.2s (expand activity explanation)
2026-10-08 00:58:05,485 Waiting 2.1s (expand activity explanation)
2026-10-08 00:58:08,924 Waiting 2.3s (expand activity explanation)
2026-10-08 00:58:12,624 Waiting 2.1s (expand activity explanation)
2026-10-08 00:58:16,123 Waiting 0.8s (expand activity explanation)
2026-10-08 00:58:18,391 Waiting 1.5s (expand activity explanation)
2026-10-08 00:58:21,251 Waiting 1.6s (expand activity explanation)
2026-10-08 00:58:24,291 Waiting 1.8s (expand activity explanation)
2026-10-08 00:58:27,545 Waiting 1.0s (expand activity explanation)
2026-10-08 00:58:29,988 Waiting 2.4s (expand activity explanation)
2026-10-08 00:58:33,750 Waiting 1.7s (expand activity explanation)
2026-10-08 00:58:36,858 Waiting 1.4s (expand activity explanation)
2026-10-08 00:58:39,806 Waiting 1.6s (page navigation)
2026-10-08 00:59:01,298 Available queue after task 14040950: 5 activities
2026-10-08 00:59:01,298   1. lesson Linear Differential Operators (task 14037933, topic 6707, priority 1.0)
2026-10-08 00:59:01,298   2. lesson Solving First-Order Linear ODEs With Sinusoidal Forcing (task 14039310, topic 6680, priority 1.0)
2026-10-08 00:59:01,298   3. lesson Euler's Method: Calculating Multiple Steps (task 14040117, topic 3668, priority 1.0)
2026-10-08 00:59:01,298   4. lesson Evaluating Definite Integrals Using Symmetry (task 14041046, topic 2975, priority 1.0)
2026-10-08 00:59:01,298   5. lesson Integrating Products of Trigonometric Functions (task 14041565, topic 3224, priority 1.0)
{
  "run_directory": "/home/jake/Developer/Course_Academy/reference/mathacademy/question-capture-workers/differential/14040950",
  "database": {
    "committed": true,
    "basis_before": 1503,
    "basis_after": 1504,
    "content_sha256": "47a82983ae81b7f5ba05d1c3d168f763636a84893bcd6de5cd7430ec7693f8d9",
    "question_count": 15,
    "verification_method": "committed_transaction_and_content",
    "learner_and_engine_facts_unchanged": true,
    "reimport_is_noop": true,
    "imported_question_ids": [
      "q-334055",
      "q-334064",
      "q-334854",
      "q-334851",
      "q-334693",
      "q-334844",
      "q-334861",
      "q-335462",
      "q-335445",
      "q-335071",
      "q-335438",
      "q-335474",
      "e-21710",
      "e-7762",
      "e-21715"
    ],
    "new_question_ids": [
      "q-334064",
      "q-334844",
      "q-334851",
      "q-334854",
      "q-334861",
      "q-335071",
      "q-335438",
      "q-335445",
      "q-335462",
      "q-335474"
    ],
    "new_question_count": 10
  }
}
