2026-10-08 00:35:39,259 Run log: /home/jake/Developer/Course_Academy/.local/question_capture-workers/differential/logs/run-1791444939259125210.log
2026-10-08 00:35:41,194 Resuming saved activity /home/jake/Developer/Course_Academy/reference/mathacademy/question-capture-workers/differential/14040950
2026-10-08 00:35:41,940 Waiting 1.1s (page navigation)
2026-10-08 00:35:45,648 Waiting 1.7s (fill answer field field-1)
2026-10-08 00:35:48,529 Waiting 1.0s (fill answer field field-2)
2026-10-08 00:36:35,896 TimeoutError during activity: ElementHandle.click: Timeout 45000ms exceeded.
Call log:
  - attempting click action
    2 × waiting for element to be visible, enabled and stable
      - element is not visible
    - retrying click action
    - waiting 20ms
    2 × waiting for element to be visible, enabled and stable
      - element is not visible
    - retrying click action
      - waiting 100ms
    87 × waiting for element to be visible, enabled and stable
       - element is not visible
     - retrying click action
       - waiting 500ms
; diagnostics: /home/jake/Developer/Course_Academy/reference/mathacademy/question-capture-workers/differential/14040950/diagnostics/1791444995598944379
2026-10-08 00:36:35,896 Saved task 14040950 for automatic recovery; continuing with available activities: /home/jake/Developer/Course_Academy/reference/mathacademy/question-capture-workers/differential/14040950
