2026-10-08 00:42:03,027 Run log: /home/jake/Developer/Course_Academy/.local/question_capture-workers/differential/logs/run-1791445323026995051.log
2026-10-08 00:42:04,956 Resuming saved activity /home/jake/Developer/Course_Academy/reference/mathacademy/question-capture-workers/differential/14040950
2026-10-08 00:42:05,799 Waiting 1.5s (page navigation)
2026-10-08 00:42:09,589 Waiting 1.7s (fill answer field field-1)
2026-10-08 00:42:12,466 Waiting 1.3s (fill answer field field-2)
2026-10-08 00:42:13,788 Waiting 0.0s (before submitting a proof stage) [9.1s budget, 9.8s solver time]
2026-10-08 00:42:28,890 Waiting 1.0s (fill answer field field-3)
2026-10-08 00:42:31,047 Waiting 1.6s (fill answer field field-4)
2026-10-08 00:42:33,804 Waiting 0.8s (fill answer field field-5)
2026-10-08 00:42:35,801 Waiting 0.0s (before submitting a proof stage) [7.5s budget, 14.0s solver time]
2026-10-08 00:42:53,984 Waiting 1.3s (fill answer field field-6)
2026-10-08 00:42:56,516 Waiting 2.1s (fill answer field field-7)
2026-10-08 00:42:59,799 Waiting 0.0s (before submitting a proof stage) [7.7s budget, 17.0s solver time]
2026-10-08 00:43:17,569 Waiting 1.3s (fill answer field field-8)
2026-10-08 00:43:20,085 Waiting 0.9s (fill answer field field-9)
2026-10-08 00:43:22,172 Waiting 0.0s (before submitting a proof stage) [7.2s budget, 16.3s solver time]
2026-10-08 00:43:23,718 q-334064 graded Partial Credit instead of Incorrect; retaining the actual result and continuing
2026-10-08 00:43:40,767 q-334064: Partial Credit, captured 9 proof fields across 5 stages
2026-10-08 00:43:40,814 Waiting 1.7s (advance to the next item)
2026-10-08 00:43:43,344 Waiting 2.3s (advance to the next item)
2026-10-08 00:43:46,440 Waiting 1.4s (advance to the next item)
2026-10-08 00:43:49,411 Captured e-7762; KP sequence WCWCC
2026-10-08 00:43:49,447 Waiting 0.9s (advance to the next item)
2026-10-08 00:44:00,391 Waiting 2.1s (fill answer field selection)
2026-10-08 00:44:03,091 Waiting 0.0s (before submitting an answer) [6.7s budget, 8.8s solver time]
2026-10-08 00:44:14,296 q-334854: Incorrect, captured 1 fields
2026-10-08 00:44:14,336 Waiting 1.2s (advance to the next item)
2026-10-08 00:44:26,822 Waiting 0.9s (fill answer field selection)
2026-10-08 00:44:28,323 Waiting 0.0s (before submitting an answer) [6.1s budget, 10.1s solver time]
2026-10-08 00:44:29,555 q-334851: Correct, captured 1 fields
2026-10-08 00:44:29,600 Waiting 1.5s (advance to the next item)
2026-10-08 00:44:44,658 Waiting 2.1s (fill answer field selection)
2026-10-08 00:44:47,368 Waiting 0.0s (before submitting an answer) [5.1s budget, 12.4s solver time]
2026-10-08 00:44:59,159 q-334693: Incorrect, captured 1 fields
2026-10-08 00:44:59,218 Waiting 1.7s (advance to the next item)
2026-10-08 00:45:12,163 Waiting 2.4s (fill answer field selection)
2026-10-08 00:45:15,120 Waiting 0.0s (before submitting an answer) [9.2s budget, 10.0s solver time]
2026-10-08 00:45:16,400 q-334844: Correct, captured 1 fields
2026-10-08 00:45:16,445 Waiting 1.7s (advance to the next item)
2026-10-08 00:45:29,497 Waiting 1.2s (fill answer field selection)
2026-10-08 00:45:31,318 Waiting 0.0s (before submitting an answer) [8.1s budget, 10.1s solver time]
2026-10-08 00:45:32,598 q-334861: Correct, captured 1 fields
2026-10-08 00:45:32,650 Waiting 0.9s (advance to the next item)
2026-10-08 00:45:34,492 Waiting 1.7s (advance to the next item)
2026-10-08 00:45:38,600 ValueError during activity: DOM extraction needs review: SVG formula has no local title or MathML; diagnostics: /home/jake/Developer/Course_Academy/reference/mathacademy/question-capture-workers/differential/14040950/diagnostics/1791445538222650452
2026-10-08 00:45:38,600 Saved task 14040950 for automatic recovery; continuing with available activities: /home/jake/Developer/Course_Academy/reference/mathacademy/question-capture-workers/differential/14040950
